// Jest Snapshot v1, https://goo.gl/fbAQLP

exports[`render game 1`] = `
<View
  style={
    Object {
      "alignItems": "center",
      "flex": 1,
    }
  }
>
  <View
    style={
      Object {
        "alignItems": "center",
        "backgroundColor": "#00000075",
        "bottom": 0,
        "flex": 1,
        "justifyContent": "center",
        "left": 0,
        "position": "absolute",
        "right": 0,
        "top": 0,
        "zIndex": 10,
      }
    }
    testID="loader"
  >
    <ActivityIndicator
      animating={true}
      color="#000000"
      size="large"
    />
  </View>
  <View
    style={
      Object {
        "flexDirection": "row",
        "justifyContent": "space-evenly",
        "width": "100%",
      }
    }
  >
    <View
      accessible={true}
      collapsable={false}
      focusable={true}
      onClick={[Function]}
      onResponderGrant={[Function]}
      onResponderMove={[Function]}
      onResponderRelease={[Function]}
      onResponderTerminate={[Function]}
      onResponderTerminationRequest={[Function]}
      onStartShouldSetResponder={[Function]}
      style={
        Object {
          "alignItems": "center",
          "backgroundColor": "#0000FF",
          "borderRadius": 10,
          "height": 54,
          "justifyContent": "center",
          "marginTop": 32,
          "opacity": 1,
          "width": 124,
        }
      }
      testID="button"
    >
      <Text
        style={
          Object {
            "color": "#FFFFFF",
            "fontSize": 20,
            "letterSpacing": 1,
            "lineHeight": 24,
          }
        }
        testID="text"
      >
        People
      </Text>
    </View>
    <View
      accessible={true}
      collapsable={false}
      focusable={true}
      onClick={[Function]}
      onResponderGrant={[Function]}
      onResponderMove={[Function]}
      onResponderRelease={[Function]}
      onResponderTerminate={[Function]}
      onResponderTerminationRequest={[Function]}
      onStartShouldSetResponder={[Function]}
      style={
        Object {
          "alignItems": "center",
          "backgroundColor": "#0000FF50",
          "borderRadius": 10,
          "height": 54,
          "justifyContent": "center",
          "marginTop": 32,
          "opacity": 1,
          "width": 124,
        }
      }
      testID="button"
    >
      <Text
        style={
          Object {
            "color": "#FFFFFF",
            "fontSize": 20,
            "letterSpacing": 1,
            "lineHeight": 24,
          }
        }
        testID="text"
      >
        Starships
      </Text>
    </View>
  </View>
  <View
    style={
      Object {
        "alignItems": "center",
        "flex": 1,
        "marginTop": 32,
      }
    }
  >
    <Text
      style={
        Object {
          "fontSize": 20,
          "marginVertical": 8,
        }
      }
      testID="winner_text"
    >
      Nobody
       wins!
    </Text>
    <Text
      style={
        Object {
          "fontSize": 16,
        }
      }
      testID="top_card_text"
    >
      Top card: 
      0
       wins
    </Text>
    <View
      collapsable={false}
      style={
        Object {
          "backgroundColor": "#808080",
          "borderColor": "rgba(0, 0, 0, 0.12)",
          "borderRadius": 4,
          "elevation": 1,
          "height": 150,
          "margin": 16,
          "shadowColor": "#000000",
          "shadowOffset": Object {
            "height": 0.5,
            "width": 0,
          },
          "shadowOpacity": 0.24,
          "shadowRadius": 0.75,
          "width": 250,
        }
      }
    >
      <View
        accessibilityState={
          Object {
            "disabled": true,
          }
        }
        accessible={true}
        focusable={false}
        onClick={[Function]}
        onResponderGrant={[Function]}
        onResponderMove={[Function]}
        onResponderRelease={[Function]}
        onResponderTerminate={[Function]}
        onResponderTerminationRequest={[Function]}
        onStartShouldSetResponder={[Function]}
        style={
          Object {
            "flexGrow": 1,
            "flexShrink": 1,
          }
        }
      >
        <View
          style={
            Array [
              Object {
                "paddingHorizontal": 16,
              },
              Object {
                "paddingVertical": 16,
              },
              undefined,
            ]
          }
        >
          <Text
            style={
              Array [
                Object {
                  "color": "#000000",
                  "fontFamily": "System",
                  "fontWeight": "400",
                },
                Object {
                  "textAlign": "left",
                },
                Array [
                  Object {
                    "textAlign": "left",
                  },
                  Object {
                    "color": "rgba(0, 0, 0, 0.87)",
                    "fontFamily": "System",
                    "fontWeight": "500",
                    "writingDirection": "ltr",
                  },
                  Array [
                    Object {
                      "fontSize": 20,
                      "letterSpacing": 0.15,
                      "lineHeight": 30,
                      "marginVertical": 2,
                    },
                    undefined,
                  ],
                ],
              ]
            }
          >
            Name: 
          </Text>
          <Text
            style={
              Array [
                Object {
                  "color": "#000000",
                  "fontFamily": "System",
                  "fontWeight": "400",
                },
                Object {
                  "textAlign": "left",
                },
                Array [
                  Object {
                    "textAlign": "left",
                  },
                  Object {
                    "color": "rgba(0, 0, 0, 0.87)",
                    "fontFamily": "System",
                    "fontWeight": "400",
                    "writingDirection": "ltr",
                  },
                  Array [
                    Object {
                      "fontSize": 14,
                      "letterSpacing": 0.25,
                      "lineHeight": 20,
                      "marginVertical": 2,
                    },
                    undefined,
                  ],
                ],
              ]
            }
          >
            Mass: undefined
          </Text>
        </View>
      </View>
    </View>
    <View
      collapsable={false}
      style={
        Object {
          "backgroundColor": "#808080",
          "borderColor": "rgba(0, 0, 0, 0.12)",
          "borderRadius": 4,
          "elevation": 1,
          "height": 150,
          "margin": 16,
          "shadowColor": "#000000",
          "shadowOffset": Object {
            "height": 0.5,
            "width": 0,
          },
          "shadowOpacity": 0.24,
          "shadowRadius": 0.75,
          "width": 250,
        }
      }
    >
      <View
        accessibilityState={
          Object {
            "disabled": true,
          }
        }
        accessible={true}
        focusable={false}
        onClick={[Function]}
        onResponderGrant={[Function]}
        onResponderMove={[Function]}
        onResponderRelease={[Function]}
        onResponderTerminate={[Function]}
        onResponderTerminationRequest={[Function]}
        onStartShouldSetResponder={[Function]}
        style={
          Object {
            "flexGrow": 1,
            "flexShrink": 1,
          }
        }
      >
        <View
          style={
            Array [
              Object {
                "paddingHorizontal": 16,
              },
              Object {
                "paddingVertical": 16,
              },
              undefined,
            ]
          }
        >
          <Text
            style={
              Array [
                Object {
                  "color": "#000000",
                  "fontFamily": "System",
                  "fontWeight": "400",
                },
                Object {
                  "textAlign": "left",
                },
                Array [
                  Object {
                    "textAlign": "left",
                  },
                  Object {
                    "color": "rgba(0, 0, 0, 0.87)",
                    "fontFamily": "System",
                    "fontWeight": "500",
                    "writingDirection": "ltr",
                  },
                  Array [
                    Object {
                      "fontSize": 20,
                      "letterSpacing": 0.15,
                      "lineHeight": 30,
                      "marginVertical": 2,
                    },
                    undefined,
                  ],
                ],
              ]
            }
          >
            Name: 
          </Text>
          <Text
            style={
              Array [
                Object {
                  "color": "#000000",
                  "fontFamily": "System",
                  "fontWeight": "400",
                },
                Object {
                  "textAlign": "left",
                },
                Array [
                  Object {
                    "textAlign": "left",
                  },
                  Object {
                    "color": "rgba(0, 0, 0, 0.87)",
                    "fontFamily": "System",
                    "fontWeight": "400",
                    "writingDirection": "ltr",
                  },
                  Array [
                    Object {
                      "fontSize": 14,
                      "letterSpacing": 0.25,
                      "lineHeight": 20,
                      "marginVertical": 2,
                    },
                    undefined,
                  ],
                ],
              ]
            }
          >
            Mass: undefined
          </Text>
        </View>
      </View>
    </View>
    <Text
      style={
        Object {
          "fontSize": 16,
        }
      }
      testID="bottom_card_text"
    >
      Bottom card: 
      0
       wins
    </Text>
  </View>
  <View>
    <View
      accessible={true}
      collapsable={false}
      focusable={true}
      onClick={[Function]}
      onResponderGrant={[Function]}
      onResponderMove={[Function]}
      onResponderRelease={[Function]}
      onResponderTerminate={[Function]}
      onResponderTerminationRequest={[Function]}
      onStartShouldSetResponder={[Function]}
      style={
        Object {
          "marginBottom": 0,
          "opacity": 1,
          "padding": 16,
        }
      }
      testID="play_button"
    >
      <Text
        style={
          Object {
            "fontSize": 20,
            "fontWeight": "bold",
            "lineHeight": 24,
          }
        }
      >
        Play Again
      </Text>
    </View>
    <View
      accessible={true}
      collapsable={false}
      focusable={true}
      onClick={[Function]}
      onResponderGrant={[Function]}
      onResponderMove={[Function]}
      onResponderRelease={[Function]}
      onResponderTerminate={[Function]}
      onResponderTerminationRequest={[Function]}
      onStartShouldSetResponder={[Function]}
      style={
        Object {
          "marginBottom": 54,
          "opacity": 1,
          "padding": 16,
        }
      }
      testID="end_button"
    >
      <Text
        style={
          Object {
            "fontSize": 20,
            "fontWeight": "bold",
            "lineHeight": 24,
          }
        }
      >
        End Game
      </Text>
    </View>
  </View>
</View>
`;
