// Jest Snapshot v1, https://goo.gl/fbAQLP

exports[`render score component 1`] = `
<View
  style={
    Object {
      "flexDirection": "row",
      "marginVertical": 8,
    }
  }
>
  <Text
    style={
      Object {
        "fontSize": 20,
        "lineHeight": 24,
      }
    }
    testID="text"
  >
    Top: 
    5
  </Text>
  <View
    accessible={true}
    collapsable={false}
    focusable={true}
    onClick={[Function]}
    onResponderGrant={[Function]}
    onResponderMove={[Function]}
    onResponderRelease={[Function]}
    onResponderTerminate={[Function]}
    onResponderTerminationRequest={[Function]}
    onStartShouldSetResponder={[Function]}
    style={
      Object {
        "alignItems": "center",
        "justifyContent": "center",
        "marginLeft": 16,
        "opacity": 1,
      }
    }
    testID="reset_button"
  >
    <Text
      style={
        Object {
          "color": "#FF0000",
          "fontSize": 16,
          "lineHeight": 20,
        }
      }
    >
      Reset score
    </Text>
  </View>
</View>
`;
